Operating between int and float values near line 8
