-1.000 
-1.000 
-1.500 
-1.348 
-1.325 
-1.325 
-1.325 
-1.325 
-1.325 
-0.000 
