     7 
     7 
    42 
    11 
    15 
     1 
     2 
    13 
     1 
    13 
