     7 
     7 
 3.142 
    11 
    15 
     1 
     2 
 3.142 
     1 
 3.142 
